[31m[Nest] 2065234  - [39m09/30/2026, 3:38:15 AM [31m  ERROR[39m [38;5;3m[NestApplication] [39m[31mError: listen EADDRINUSE: address already in use :::3006[39m[38;5;3m +2ms[39m
node:net:2167
    const ex = new UVExceptionWithHostPort(err, 'listen', address, port);
               ^

Error: listen EADDRINUSE: address already in use :::3006
    at Server.setupListenHandle [as _listen2] (node:net:2167:16)
    at listenInCluster (node:net:2224:12)
    at Server.listen (node:net:2344:7)
    at ExpressAdapter.listen (/var/www/pinaka-commerce-hub/node_modules/.pnpm/@nestjs+platform-express@11.2.5_@nestjs+common@11.2.5_class-transformer@0.5.1_class-val_88605f89eb266fa66a2bba8707031355/node_modules/@nestjs/platform-express/adapters/express-adapter.js:115:32)
    at /var/www/pinaka-commerce-hub/node_modules/.pnpm/@nestjs+core@11.2.5_@nestjs+common@11.2.5_class-transformer@0.5.1_class-validator@0.14._51796a253ff38beb64f4b1948864719d/node_modules/@nestjs/core/nest-application.js:191:30
    at new Promise (<anonymous>)
    at NestApplication.listen (/var/www/pinaka-commerce-hub/node_modules/.pnpm/@nestjs+core@11.2.5_@nestjs+common@11.2.5_class-transformer@0.5.1_class-validator@0.14._51796a253ff38beb64f4b1948864719d/node_modules/@nestjs/core/nest-application.js:181:16)
    at process.processTicksAndRejections (node:internal/process/task_queues:104:5)
    at async bootstrap (/var/www/pinaka-commerce-hub/apps/analytics-service/src/main.ts:18:3) {
  code: 'EADDRINUSE',
  errno: -98,
  syscall: 'listen',
  address: '::',
  port: 3006
}

Node.js v24.19.0
