[Nest] 28112  - 09/15/2026, 12:07:18 PM     LOG [NestFactory] Starting Nest application...
[Nest] 28112  - 09/15/2026, 12:07:18 PM     LOG [InstanceLoader] AppModule dependencies initialized +12ms
[Nest] 28112  - 09/15/2026, 12:07:19 PM     LOG [RoutesResolver] AppController {/}: +659ms
[Nest] 28112  - 09/15/2026, 12:07:19 PM     LOG [RouterExplorer] Mapped {/health, GET} route +4ms
[Nest] 28112  - 09/15/2026, 12:07:19 PM     LOG [RouterExplorer] Mapped {/ready, GET} route +1ms
[Nest] 28112  - 09/15/2026, 12:07:19 PM     LOG [RouterExplorer] Mapped {/api/v1/dev/mailbox, GET} route +0ms
[Nest] 28112  - 09/15/2026, 12:07:19 PM     LOG [RouterExplorer] Mapped {/api/v1/dev/mailbox, DELETE} route +1ms
[Nest] 28112  - 09/15/2026, 12:07:19 PM     LOG [RouterExplorer] Mapped {/api/v1/auth/signup, POST} route +1ms
[Nest] 28112  - 09/15/2026, 12:07:19 PM     LOG [RouterExplorer] Mapped {/api/v1/auth/login, POST} route +0ms
[Nest] 28112  - 09/15/2026, 12:07:19 PM     LOG [RouterExplorer] Mapped {/api/v1/auth/refresh, POST} route +1ms
[Nest] 28112  - 09/15/2026, 12:07:19 PM     LOG [RouterExplorer] Mapped {/api/v1/auth/logout, POST} route +0ms
[Nest] 28112  - 09/15/2026, 12:07:19 PM     LOG [RouterExplorer] Mapped {/api/v1/auth/me, GET} route +1ms
[Nest] 28112  - 09/15/2026, 12:07:19 PM     LOG [RouterExplorer] Mapped {/api/v1/auth/google, POST} route +0ms
[Nest] 28112  - 09/15/2026, 12:07:19 PM     LOG [RouterExplorer] Mapped {/api/v1/auth/password/reset-request, POST} route +1ms
[Nest] 28112  - 09/15/2026, 12:07:19 PM     LOG [RouterExplorer] Mapped {/api/v1/auth/password/reset, POST} route +0ms
[Nest] 28112  - 09/15/2026, 12:07:19 PM     LOG [RouterExplorer] Mapped {/api/v1/auth/invitations/accept, POST} route +1ms
[Nest] 28112  - 09/15/2026, 12:07:19 PM     LOG [RouterExplorer] Mapped {/accept-invitation, GET} route +0ms
[Nest] 28112  - 09/15/2026, 12:07:19 PM     LOG [RouterExplorer] Mapped {/reset-password, GET} route +0ms
[Nest] 28112  - 09/15/2026, 12:07:19 PM     LOG [RouterExplorer] Mapped {/api/pos/account, POST} route +1ms
[Nest] 28112  - 09/15/2026, 12:07:19 PM     LOG [RouterExplorer] Mapped {/api/v1/users, GET} route +0ms
[Nest] 28112  - 09/15/2026, 12:07:19 PM     LOG [RouterExplorer] Mapped {/api/v1/users/:id, GET} route +1ms
[Nest] 28112  - 09/15/2026, 12:07:19 PM     LOG [RouterExplorer] Mapped {/api/v1/users, POST} route +0ms
[Nest] 28112  - 09/15/2026, 12:07:19 PM     LOG [RouterExplorer] Mapped {/api/v1/users/:id, PATCH} route +0ms
[Nest] 28112  - 09/15/2026, 12:07:19 PM     LOG [RouterExplorer] Mapped {/api/v1/users/:id, DELETE} route +1ms
🐘 [Auth PostgreSQL] Connected to PostgreSQL 127.0.0.1:5432/pinaka_commerce_hub
🐘 [Auth PostgreSQL] users, accounts, sessions, and refresh_tokens tables are ready
[Nest] 28112  - 09/15/2026, 12:07:19 PM     LOG [NestApplication] Nest application successfully started +225ms
🚀 Auth Service running on http://localhost:3010
