[32m[Nest] 2064285  - [39m09/30/2026, 3:38:01 AM [32m    LOG[39m [38;5;3m[NestFactory] [39m[32mStarting Nest application...[39m
[32m[Nest] 2064285  - [39m09/30/2026, 3:38:01 AM [32m    LOG[39m [38;5;3m[InstanceLoader] [39m[32mAppModule dependencies initialized[39m[38;5;3m +8ms[39m
[32m[Nest] 2064285  - [39m09/30/2026, 3:38:01 AM [32m    LOG[39m [38;5;3m[RoutesResolver] [39m[32mAppController {/api/v1/connectors}:[39m[38;5;3m +247ms[39m
[32m[Nest] 2064285  - [39m09/30/2026, 3:38:01 AM [32m    LOG[39m [38;5;3m[RouterExplorer] [39m[32mMapped {/api/v1/connectors/health, GET} route[39m[38;5;3m +2ms[39m
[32m[Nest] 2064285  - [39m09/30/2026, 3:38:01 AM [32m    LOG[39m [38;5;3m[RouterExplorer] [39m[32mMapped {/api/v1/connectors/woocommerce/connection, GET} route[39m[38;5;3m +0ms[39m
[32m[Nest] 2064285  - [39m09/30/2026, 3:38:01 AM [32m    LOG[39m [38;5;3m[RouterExplorer] [39m[32mMapped {/api/v1/connectors/woocommerce/webhook, POST} route[39m[38;5;3m +1ms[39m
[32m[Nest] 2064285  - [39m09/30/2026, 3:38:01 AM [32m    LOG[39m [38;5;3m[RouterExplorer] [39m[32mMapped {/api/v1/connectors/woocommerce/test-connection, POST} route[39m[38;5;3m +0ms[39m
[32m[Nest] 2064285  - [39m09/30/2026, 3:38:01 AM [32m    LOG[39m [38;5;3m[RouterExplorer] [39m[32mMapped {/api/v1/connectors/woocommerce/sync, POST} route[39m[38;5;3m +0ms[39m
[32m[Nest] 2064285  - [39m09/30/2026, 3:38:01 AM [32m    LOG[39m [38;5;3m[RouterExplorer] [39m[32mMapped {/api/v1/connectors/delivery/channels, GET} route[39m[38;5;3m +1ms[39m
[32m[Nest] 2064285  - [39m09/30/2026, 3:38:01 AM [32m    LOG[39m [38;5;3m[RouterExplorer] [39m[32mMapped {/api/v1/connectors/delivery/webhook/:channel, POST} route[39m[38;5;3m +0ms[39m
[32m[Nest] 2064285  - [39m09/30/2026, 3:38:01 AM [32m    LOG[39m [38;5;3m[RouterExplorer] [39m[32mMapped {/api/v1/connectors/delivery/orders, GET} route[39m[38;5;3m +0ms[39m
[32m[Nest] 2064285  - [39m09/30/2026, 3:38:01 AM [32m    LOG[39m [38;5;3m[RouterExplorer] [39m[32mMapped {/api/v1/connectors/delivery/orders/accept, POST} route[39m[38;5;3m +1ms[39m
🐘 [Delivery Connector DB] Connected to PostgreSQL 127.0.0.1:5432/pinaka_commerce_hub
⚡ [Delivery Connector Redis] Connected to Redis Container
🐘 [WooCommerce Connector DB] Connected to PostgreSQL 127.0.0.1:5432/pinaka_commerce_hub
🛒 [WooCommerce Engine] Initialized and connected to PostgreSQL
🐘 [Aggregator webhooks] Connected to PostgreSQL 127.0.0.1:5432/pinaka_commerce_hub
[PostgreSQL] aggregator_webhooks persistence is ready
[32m[Nest] 2064285  - [39m09/30/2026, 3:38:02 AM [32m    LOG[39m [38;5;3m[NestApplication] [39m[32mNest application successfully started[39m[38;5;3m +713ms[39m
🚀 Delivery Connector Service running on http://localhost:3001
